A
B
True
False
Cons(Zero, Cons(Suc(Zero), Cons(Suc(Suc(Zero)), Nil)))
