True
False
False
False
True
True
True
False
Q(Este, Sur, Oeste, Norte)
