Suc(Suc(Suc(Suc(Suc(Suc(Suc(Suc(Suc(Suc(Suc(Suc(Zero))))))))))))
