Suc(Suc(Suc(Suc(Suc(Suc(Suc(Suc(Suc(Suc(Suc(Suc(Zero))))))))))))
Suc(Suc(Suc(Suc(Suc(Suc(Suc(Suc(Suc(Suc(Suc(Suc(Zero))))))))))))
